[93m[WARN] 未设置 NODE_API_TOKEN, 已生成默认值. 若要部署多节点请设置环境变量以保持一致. 当前值: gSZsbrFQ...[0m
WARNING: This is a development server. Do not use it in a production deployment. Use a production WSGI server instead.
 * Running on all addresses (0.0.0.0)
 * Running on http://127.0.0.1:8799
 * Running on http://192.168.0.12:8799
Press CTRL+C to quit
127.0.0.1 - - [22/Aug/2026 12:35:57] "POST /login HTTP/1.1" 302 -
D:\__pycache__\app.py:313: DeprecationWarning: datetime.datetime.utcnow() is deprecated and scheduled for removal in a future version. Use timezone-aware objects to represent datetimes in UTC: datetime.datetime.now(datetime.UTC).
  'now_year': datetime.utcnow().year,
127.0.0.1 - - [22/Aug/2026 12:35:57] "GET /dashboard HTTP/1.1" 200 -
127.0.0.1 - - [22/Aug/2026 12:35:58] "POST /api/admin/nodes/add HTTP/1.1" 200 -
127.0.0.1 - - [22/Aug/2026 12:35:58] "POST /api/admin/nodes/add HTTP/1.1" 200 -
127.0.0.1 - - [22/Aug/2026 12:36:00] "POST /api/admin/nodes//update HTTP/1.1" 404 -
127.0.0.1 - - [22/Aug/2026 12:36:10] "POST /login HTTP/1.1" 302 -
127.0.0.1 - - [22/Aug/2026 12:36:10] "GET /dashboard HTTP/1.1" 200 -
127.0.0.1 - - [22/Aug/2026 12:36:10] "POST /api/admin/nodes/2/update HTTP/1.1" 200 -
127.0.0.1 - - [22/Aug/2026 12:36:10] "POST /api/nodes/2/check HTTP/1.1" 200 -
127.0.0.1 - - [22/Aug/2026 12:36:10] "POST /api/nodes/0/check HTTP/1.1" 200 -
D:\__pycache__\app.py:1147: DeprecationWarning: datetime.datetime.utcnow() is deprecated and scheduled for removal in a future version. Use timezone-aware objects to represent datetimes in UTC: datetime.datetime.now(datetime.UTC).
  'last_heartbeat_at': datetime.utcnow().strftime('%Y-%m-%d %H:%M:%S'),
127.0.0.1 - - [22/Aug/2026 12:36:10] "GET /api/nodes/available HTTP/1.1" 200 -
127.0.0.1 - - [22/Aug/2026 12:36:23] "POST /login HTTP/1.1" 302 -
127.0.0.1 - - [22/Aug/2026 12:36:23] "GET /dashboard HTTP/1.1" 200 -
127.0.0.1 - - [22/Aug/2026 12:36:24] "POST /api/nodes/2/check HTTP/1.1" 200 -
[2026-08-22 12:36:24,025] ERROR in app: Exception on /servers/new [POST]
Traceback (most recent call last):
  File "C:\Users\www\AppData\Local\Programs\Python\Python313\Lib\site-packages\flask\app.py", line 1455, in wsgi_app
    response = self.full_dispatch_request()
  File "C:\Users\www\AppData\Local\Programs\Python\Python313\Lib\site-packages\flask\app.py", line 869, in full_dispatch_request
    rv = self.handle_user_exception(e)
  File "C:\Users\www\AppData\Local\Programs\Python\Python313\Lib\site-packages\flask\app.py", line 867, in full_dispatch_request
    rv = self.dispatch_request()
  File "C:\Users\www\AppData\Local\Programs\Python\Python313\Lib\site-packages\flask\app.py", line 852, in dispatch_request
    return self.ensure_sync(self.view_functions[rule.endpoint])(**view_args)
           ~~~~~~~~~~~~~~~~~~~~~~~~~~~~~~~~~~~~~~~~~~~~~~~~~~~~^^^^^^^^^^^^^
  File "C:\Users\www\AppData\Local\Programs\Python\Python313\Lib\site-packages\flask_login\utils.py", line 290, in decorated_view
    return current_app.ensure_sync(func)(*args, **kwargs)
           ~~~~~~~~~~~~~~~~~~~~~~~~~~~~~^^^^^^^^^^^^^^^^^
  File "D:\__pycache__\app.py", line 493, in server_new
    chosen_node_id = _try_auto_pick(memory, cores, prefer_location)
  File "D:\__pycache__\app.py", line 550, in _try_auto_pick
    recs = NODE_MANAGER.recommend_nodes(
        required_memory_mb=memory_mb, required_cores=cores,
        prefer_location=prefer_location, limit=3,
    )
  File "D:\__pycache__\node_manager.py", line 267, in recommend_nodes
    avail_mem_mb = n.available_memory_mb
                   ^^^^^^^^^^^^^^^^^^^^^
  File "D:\__pycache__\models.py", line 138, in available_memory_mb
    assigned = self.assigned_memory_mb()
  File "D:\__pycache__\models.py", line 121, in assigned_memory_mb
    return sum(s.memory for s in self.servers)
                                 ^^^^^^^^^^^^
  File "C:\Users\www\AppData\Local\Programs\Python\Python313\Lib\site-packages\sqlalchemy\orm\attributes.py", line 569, in __get__
    return self.impl.get(state, dict_)  # type: ignore[no-any-return]
           ~~~~~~~~~~~~~^^^^^^^^^^^^^^
  File "C:\Users\www\AppData\Local\Programs\Python\Python313\Lib\site-packages\sqlalchemy\orm\attributes.py", line 1096, in get
    value = self._fire_loader_callables(state, key, passive)
  File "C:\Users\www\AppData\Local\Programs\Python\Python313\Lib\site-packages\sqlalchemy\orm\attributes.py", line 1131, in _fire_loader_callables
    return self.callable_(state, passive)
           ~~~~~~~~~~~~~~^^^^^^^^^^^^^^^^
  File "C:\Users\www\AppData\Local\Programs\Python\Python313\Lib\site-packages\sqlalchemy\orm\strategies.py", line 922, in _load_for_state
    raise orm_exc.DetachedInstanceError(
    ...<3 lines>...
    )
sqlalchemy.orm.exc.DetachedInstanceError: Parent instance <DistributedNode at 0x1bc1b58a9c0> is not bound to a Session; lazy load operation of attribute 'servers' cannot proceed (Background on this error at: https://sqlalche.me/e/20/bhk3)
Traceback (most recent call last):
  File "C:\Users\www\AppData\Local\Programs\Python\Python313\Lib\site-packages\flask\app.py", line 1455, in wsgi_app
    response = self.full_dispatch_request()
  File "C:\Users\www\AppData\Local\Programs\Python\Python313\Lib\site-packages\flask\app.py", line 869, in full_dispatch_request
    rv = self.handle_user_exception(e)
  File "C:\Users\www\AppData\Local\Programs\Python\Python313\Lib\site-packages\flask\app.py", line 867, in full_dispatch_request
    rv = self.dispatch_request()
  File "C:\Users\www\AppData\Local\Programs\Python\Python313\Lib\site-packages\flask\app.py", line 852, in dispatch_request
    return self.ensure_sync(self.view_functions[rule.endpoint])(**view_args)
           ~~~~~~~~~~~~~~~~~~~~~~~~~~~~~~~~~~~~~~~~~~~~~~~~~~~~^^^^^^^^^^^^^
  File "C:\Users\www\AppData\Local\Programs\Python\Python313\Lib\site-packages\flask_login\utils.py", line 290, in decorated_view
    return current_app.ensure_sync(func)(*args, **kwargs)
           ~~~~~~~~~~~~~~~~~~~~~~~~~~~~~^^^^^^^^^^^^^^^^^
  File "D:\__pycache__\app.py", line 493, in server_new
    chosen_node_id = _try_auto_pick(memory, cores, prefer_location)
  File "D:\__pycache__\app.py", line 550, in _try_auto_pick
    recs = NODE_MANAGER.recommend_nodes(
        required_memory_mb=memory_mb, required_cores=cores,
        prefer_location=prefer_location, limit=3,
    )
  File "D:\__pycache__\node_manager.py", line 267, in recommend_nodes
    avail_mem_mb = n.available_memory_mb
                   ^^^^^^^^^^^^^^^^^^^^^
  File "D:\__pycache__\models.py", line 138, in available_memory_mb
    assigned = self.assigned_memory_mb()
  File "D:\__pycache__\models.py", line 121, in assigned_memory_mb
    return sum(s.memory for s in self.servers)
                                 ^^^^^^^^^^^^
  File "C:\Users\www\AppData\Local\Programs\Python\Python313\Lib\site-packages\sqlalchemy\orm\attributes.py", line 569, in __get__
    return self.impl.get(state, dict_)  # type: ignore[no-any-return]
           ~~~~~~~~~~~~~^^^^^^^^^^^^^^
  File "C:\Users\www\AppData\Local\Programs\Python\Python313\Lib\site-packages\sqlalchemy\orm\attributes.py", line 1096, in get
    value = self._fire_loader_callables(state, key, passive)
  File "C:\Users\www\AppData\Local\Programs\Python\Python313\Lib\site-packages\sqlalchemy\orm\attributes.py", line 1131, in _fire_loader_callables
    return self.callable_(state, passive)
           ~~~~~~~~~~~~~~^^^^^^^^^^^^^^^^
  File "C:\Users\www\AppData\Local\Programs\Python\Python313\Lib\site-packages\sqlalchemy\orm\strategies.py", line 922, in _load_for_state
    raise orm_exc.DetachedInstanceError(
    ...<3 lines>...
    )
sqlalchemy.orm.exc.DetachedInstanceError: Parent instance <DistributedNode at 0x1bc1b58a9c0> is not bound to a Session; lazy load operation of attribute 'servers' cannot proceed (Background on this error at: https://sqlalche.me/e/20/bhk3)
127.0.0.1 - - [22/Aug/2026 12:36:24] "POST /servers/new HTTP/1.1" 500 -
127.0.0.1 - - [22/Aug/2026 12:36:24] "POST /api/nodes/2/check HTTP/1.1" 200 -
